// Jest Snapshot v1, https://goo.gl/fbAQLP

exports[`AddToys renders correctly 1`] = `
<DocumentFragment>
  <div
    class="add-toys"
  >
    <h2>
      Add Toys
    </h2>
    <form
      class="add-toy-form"
    >
      <label
        for="title"
      >
        Toy Title:
        <br />
        <br />
        <input
          id="title"
          name="title"
          placeholder="Enter title here..."
          value=""
        />
      </label>
      <label
        for="type"
      >
        Type:
        <br />
        <br />
        <select
          id="type"
          name="type"
        >
          <option
            value="Choose Category"
          >
            Choose Category
          </option>
          <option
            value="Books"
          >
            Books
          </option>
          <option
            value="Pre-school"
          >
            Pre-school
          </option>
          <option
            value="Indoor"
          >
            Indoor
          </option>
          <option
            value="Outdoor"
          >
            Outdoor
          </option>
        </select>
      </label>
      <label
        for="condition"
      >
        Condition:
        <br />
        <br />
        <select
          id="condition"
          name="condition"
        >
          <option
            value="Select Condition"
          >
            Select Condition
          </option>
          <option
            value="Brand New"
          >
            Brand New
          </option>
          <option
            value="Like New"
          >
            Like New
          </option>
          <option
            value="Good"
          >
            Good
          </option>
          <option
            value="Fair"
          >
            Fair
          </option>
          <option
            value="Defected"
          >
            Defected
          </option>
        </select>
      </label>
      <label
        for="ageRange"
      >
        Age Range:
        <br />
        <br />
        <select
          id="ageRange"
          name="ageRange"
          type="number"
        >
          <option
            value="select age range"
          >
            Select age range
          </option>
          <option
            value="0-3"
          >
            0-3
          </option>
          <option
            value="3-6"
          >
            3-6
          </option>
          <option
            value="6-9"
          >
            6-9
          </option>
          <option
            value="9-12"
          >
            9-12
          </option>
          <option
            value="12+"
          >
            12+
          </option>
        </select>
      </label>
      <label
        for="description"
      >
        Description:
        <br />
        <br />
        <input
          id="description"
          name="description"
          placeholder="Enter description here..."
          type="text"
          value=""
        />
      </label>
      <label
        for="borrow-period"
      >
        Borrow Period:
        <br />
        <br />
        <select
          id="borrowPeriod"
          name="borrowPeriod"
          placeholder="0"
          type="number"
        >
          <option
            value="select borrow period"
          >
            Select Borrow Period
          </option>
          <option
            value="0-3"
          >
            1 month
          </option>
          <option
            value="3-6"
          >
            3 months
          </option>
          <option
            value="6-9"
          >
            6 months
          </option>
          <option
            value="9-12"
          >
            12 months
          </option>
          <option
            value="12+"
          >
            12+months
          </option>
        </select>
      </label>
      <label
        for="postcode"
      >
        Postcode:
        <br />
        <input
          id="postcode"
          name="postcode"
          placeholder="Enter postcode"
          type="text"
          value=""
        />
      </label>
      <label
        for="image"
      >
        Image Upload:
        <br />
        <input
          id="image"
          name="image"
          placeholder="Enter demo image name"
          type="text"
          value=""
        />
      </label>
      <button
        class="button"
        type="submit"
      >
        Add
      </button>
    </form>
  </div>
</DocumentFragment>
`;
